// Vitest Snapshot v1, https://vitest.dev/guide/snapshot.html

exports[`Counter > Should Increment 1`] = `
DOMWrapper {
  "isDisabled": [Function],
  "wrapperElement": <button
    class="p-2 btn rounded-2 border shadow shadow-gray-200"
    id="increment"
  >
     Increment 
  </button>,
}
`;

exports[`Counter > Should Increment 2`] = `
DOMWrapper {
  "isDisabled": [Function],
  "wrapperElement": <button
    class="p-2 btn rounded-2 border shadow shadow-gray-200"
    id="increment"
  >
     Increment 
  </button>,
}
`;

exports[`Counter > Should Render Correctly 1`] = `
"<div class=\\"m-2\\">
  <h2 class=\\"p-2 text-green-300 shadow-md font-semibold text-xl m-2\\"> Counter is : 0</h2>
  <div class=\\"flex items-center justify-between gap-4\\"><button class=\\"p-2 btn btn-primary rounded-2 border shadow shadow-gray-200\\"> Increment </button><button class=\\"p-2 btn btn-danger rounded-2 border shadow shadow-gray-200\\"> Decrement </button></div>
</div>"
`;
